Copyright 1986-2022 Xilinx, Inc. All Rights Reserved. Copyright 2022-2023 Advanced Micro Devices, Inc. All Rights Reserved.
---------------------------------------------------------------------------------------------------------------------------------------------------------------------------------------------------------------------------------
| Tool Version : Vivado v.2023.2 (win64) Build 4029153 Fri Oct 13 20:14:34 MDT 2023
| Date         : Mon Dec 18 11:54:47 2023
| Host         : EEE_07 running 64-bit major release  (build 9200)
| Command      : report_timing_summary -max_paths 10 -report_unconstrained -file demux_1_to_4_timing_summary_routed.rpt -pb demux_1_to_4_timing_summary_routed.pb -rpx demux_1_to_4_timing_summary_routed.rpx -warn_on_violation
| Design       : demux_1_to_4
| Device       : 7a35t-cpg236
| Speed File   : -1  PRODUCTION 1.23 2018-06-13
| Design State : Routed
---------------------------------------------------------------------------------------------------------------------------------------------------------------------------------------------------------------------------------

Timing Summary Report

------------------------------------------------------------------------------------------------
| Timer Settings
| --------------
------------------------------------------------------------------------------------------------

  Enable Multi Corner Analysis               :  Yes
  Enable Pessimism Removal                   :  Yes
  Pessimism Removal Resolution               :  Nearest Common Node
  Enable Input Delay Default Clock           :  No
  Enable Preset / Clear Arcs                 :  No
  Disable Flight Delays                      :  No
  Ignore I/O Paths                           :  No
  Timing Early Launch at Borrowing Latches   :  No
  Borrow Time for Max Delay Exceptions       :  Yes
  Merge Timing Exceptions                    :  Yes
  Inter-SLR Compensation                     :  Conservative

  Corner  Analyze    Analyze    
  Name    Max Paths  Min Paths  
  ------  ---------  ---------  
  Slow    Yes        Yes        
  Fast    Yes        Yes        


------------------------------------------------------------------------------------------------
| Report Methodology
| ------------------
------------------------------------------------------------------------------------------------

No report available as report_methodology has not been run prior. Run report_methodology on the current design for the summary of methodology violations.



check_timing report

Table of Contents
-----------------
1. checking no_clock (0)
2. checking constant_clock (0)
3. checking pulse_width_clock (0)
4. checking unconstrained_internal_endpoints (0)
5. checking no_input_delay (0)
6. checking no_output_delay (0)
7. checking multiple_clock (0)
8. checking generated_clocks (0)
9. checking loops (0)
10. checking partial_input_delay (0)
11. checking partial_output_delay (0)
12. checking latch_loops (0)

1. checking no_clock (0)
------------------------
 There are 0 register/latch pins with no clock.


2. checking constant_clock (0)
------------------------------
 There are 0 register/latch pins with constant_clock.


3. checking pulse_width_clock (0)
---------------------------------
 There are 0 register/latch pins which need pulse_width check


4. checking unconstrained_internal_endpoints (0)
------------------------------------------------
 There are 0 pins that are not constrained for maximum delay.

 There are 0 pins that are not constrained for maximum delay due to constant clock.


5. checking no_input_delay (0)
------------------------------
 There are 0 input ports with no input delay specified.

 There are 0 input ports with no input delay but user has a false path constraint.


6. checking no_output_delay (0)
-------------------------------
 There are 0 ports with no output delay specified.

 There are 0 ports with no output delay but user has a false path constraint

 There are 0 ports with no output delay but with a timing clock defined on it or propagating through it


7. checking multiple_clock (0)
------------------------------
 There are 0 register/latch pins with multiple clocks.


8. checking generated_clocks (0)
--------------------------------
 There are 0 generated clocks that are not connected to a clock source.


9. checking loops (0)
---------------------
 There are 0 combinational loops in the design.


10. checking partial_input_delay (0)
------------------------------------
 There are 0 input ports with partial input delay specified.


11. checking partial_output_delay (0)
-------------------------------------
 There are 0 ports with partial output delay specified.


12. checking latch_loops (0)
----------------------------
 There are 0 combinational latch loops in the design through latch input



------------------------------------------------------------------------------------------------
| Design Timing Summary
| ---------------------
------------------------------------------------------------------------------------------------

    WNS(ns)      TNS(ns)  TNS Failing Endpoints  TNS Total Endpoints      WHS(ns)      THS(ns)  THS Failing Endpoints  THS Total Endpoints     WPWS(ns)     TPWS(ns)  TPWS Failing Endpoints  TPWS Total Endpoints  
    -------      -------  ---------------------  -------------------      -------      -------  ---------------------  -------------------     --------     --------  ----------------------  --------------------  
        inf        0.000                      0                    4          inf        0.000                      0                    4           NA           NA                      NA                    NA  


There are no user specified timing constraints.


------------------------------------------------------------------------------------------------
| Clock Summary
| -------------
------------------------------------------------------------------------------------------------


------------------------------------------------------------------------------------------------
| Intra Clock Table
| -----------------
------------------------------------------------------------------------------------------------

Clock             WNS(ns)      TNS(ns)  TNS Failing Endpoints  TNS Total Endpoints      WHS(ns)      THS(ns)  THS Failing Endpoints  THS Total Endpoints     WPWS(ns)     TPWS(ns)  TPWS Failing Endpoints  TPWS Total Endpoints  
-----             -------      -------  ---------------------  -------------------      -------      -------  ---------------------  -------------------     --------     --------  ----------------------  --------------------  


------------------------------------------------------------------------------------------------
| Inter Clock Table
| -----------------
------------------------------------------------------------------------------------------------

From Clock    To Clock          WNS(ns)      TNS(ns)  TNS Failing Endpoints  TNS Total Endpoints      WHS(ns)      THS(ns)  THS Failing Endpoints  THS Total Endpoints  
----------    --------          -------      -------  ---------------------  -------------------      -------      -------  ---------------------  -------------------  


------------------------------------------------------------------------------------------------
| Other Path Groups Table
| -----------------------
------------------------------------------------------------------------------------------------

Path Group    From Clock    To Clock          WNS(ns)      TNS(ns)  TNS Failing Endpoints  TNS Total Endpoints      WHS(ns)      THS(ns)  THS Failing Endpoints  THS Total Endpoints  
----------    ----------    --------          -------      -------  ---------------------  -------------------      -------      -------  ---------------------  -------------------  


------------------------------------------------------------------------------------------------
| User Ignored Path Table
| -----------------------
------------------------------------------------------------------------------------------------

Path Group    From Clock    To Clock    
----------    ----------    --------    


------------------------------------------------------------------------------------------------
| Unconstrained Path Table
| ------------------------
------------------------------------------------------------------------------------------------

Path Group    From Clock    To Clock    
----------    ----------    --------    
(none)                                    


------------------------------------------------------------------------------------------------
| Timing Details
| --------------
------------------------------------------------------------------------------------------------


--------------------------------------------------------------------------------------
Path Group:  (none)
From Clock:  
  To Clock:  

Max Delay             4 Endpoints
Min Delay             4 Endpoints
--------------------------------------------------------------------------------------


Max Delay Paths
--------------------------------------------------------------------------------------
Slack:                    inf
  Source:                 sel[1]
                            (input port)
  Destination:            y0
                            (output port)
  Path Group:             (none)
  Path Type:              Max at Slow Process Corner
  Data Path Delay:        7.263ns  (logic 3.895ns (53.635%)  route 3.367ns (46.365%))
  Logic Levels:           3  (IBUF=1 LUT3=1 OBUF=1)

    Location             Delay type                Incr(ns)  Path(ns)    Netlist Resource(s)
  -------------------------------------------------------------------    -------------------
    W14                                               0.000     0.000 f  sel[1] (IN)
                         net (fo=0)                   0.000     0.000    sel[1]
    W14                  IBUF (Prop_ibuf_I_O)         0.935     0.935 f  sel_IBUF[1]_inst/O
                         net (fo=4, routed)           1.554     2.489    sel_IBUF[1]
    SLICE_X0Y4           LUT3 (Prop_lut3_I2_O)        0.152     2.641 r  y0_OBUF_inst_i_1/O
                         net (fo=1, routed)           1.813     4.454    y0_OBUF
    W13                  OBUF (Prop_obuf_I_O)         2.809     7.263 r  y0_OBUF_inst/O
                         net (fo=0)                   0.000     7.263    y0
    W13                                                               r  y0 (OUT)
  -------------------------------------------------------------------    -------------------

Slack:                    inf
  Source:                 din[3]
                            (input port)
  Destination:            y3
                            (output port)
  Path Group:             (none)
  Path Type:              Max at Slow Process Corner
  Data Path Delay:        7.116ns  (logic 3.891ns (54.684%)  route 3.225ns (45.316%))
  Logic Levels:           3  (IBUF=1 LUT3=1 OBUF=1)

    Location             Delay type                Incr(ns)  Path(ns)    Netlist Resource(s)
  -------------------------------------------------------------------    -------------------
    U16                                               0.000     0.000 r  din[3] (IN)
                         net (fo=0)                   0.000     0.000    din[3]
    U16                  IBUF (Prop_ibuf_I_O)         0.935     0.935 r  din_IBUF[3]_inst/O
                         net (fo=1, routed)           1.362     2.297    din_IBUF[3]
    SLICE_X0Y4           LUT3 (Prop_lut3_I1_O)        0.152     2.449 r  y3_OBUF_inst_i_1/O
                         net (fo=1, routed)           1.863     4.312    y3_OBUF
    W17                  OBUF (Prop_obuf_I_O)         2.804     7.116 r  y3_OBUF_inst/O
                         net (fo=0)                   0.000     7.116    y3
    W17                                                               r  y3 (OUT)
  -------------------------------------------------------------------    -------------------

Slack:                    inf
  Source:                 sel[1]
                            (input port)
  Destination:            y1
                            (output port)
  Path Group:             (none)
  Path Type:              Max at Slow Process Corner
  Data Path Delay:        6.923ns  (logic 3.657ns (52.828%)  route 3.266ns (47.172%))
  Logic Levels:           3  (IBUF=1 LUT3=1 OBUF=1)

    Location             Delay type                Incr(ns)  Path(ns)    Netlist Resource(s)
  -------------------------------------------------------------------    -------------------
    W14                                               0.000     0.000 f  sel[1] (IN)
                         net (fo=0)                   0.000     0.000    sel[1]
    W14                  IBUF (Prop_ibuf_I_O)         0.935     0.935 f  sel_IBUF[1]_inst/O
                         net (fo=4, routed)           1.554     2.489    sel_IBUF[1]
    SLICE_X0Y4           LUT3 (Prop_lut3_I2_O)        0.124     2.613 r  y1_OBUF_inst_i_1/O
                         net (fo=1, routed)           1.712     4.324    y1_OBUF
    W15                  OBUF (Prop_obuf_I_O)         2.599     6.923 r  y1_OBUF_inst/O
                         net (fo=0)                   0.000     6.923    y1
    W15                                                               r  y1 (OUT)
  -------------------------------------------------------------------    -------------------

Slack:                    inf
  Source:                 sel[1]
                            (input port)
  Destination:            y2
                            (output port)
  Path Group:             (none)
  Path Type:              Max at Slow Process Corner
  Data Path Delay:        6.677ns  (logic 3.673ns (55.001%)  route 3.005ns (44.999%))
  Logic Levels:           3  (IBUF=1 LUT3=1 OBUF=1)

    Location             Delay type                Incr(ns)  Path(ns)    Netlist Resource(s)
  -------------------------------------------------------------------    -------------------
    W14                                               0.000     0.000 r  sel[1] (IN)
                         net (fo=0)                   0.000     0.000    sel[1]
    W14                  IBUF (Prop_ibuf_I_O)         0.935     0.935 r  sel_IBUF[1]_inst/O
                         net (fo=4, routed)           1.141     2.076    sel_IBUF[1]
    SLICE_X0Y4           LUT3 (Prop_lut3_I0_O)        0.124     2.200 r  y2_OBUF_inst_i_1/O
                         net (fo=1, routed)           1.863     4.063    y2_OBUF
    V15                  OBUF (Prop_obuf_I_O)         2.614     6.677 r  y2_OBUF_inst/O
                         net (fo=0)                   0.000     6.677    y2
    V15                                                               r  y2 (OUT)
  -------------------------------------------------------------------    -------------------





Min Delay Paths
--------------------------------------------------------------------------------------
Slack:                    inf
  Source:                 sel[0]
                            (input port)
  Destination:            y1
                            (output port)
  Path Group:             (none)
  Path Type:              Min at Fast Process Corner
  Data Path Delay:        2.038ns  (logic 1.334ns (65.464%)  route 0.704ns (34.536%))
  Logic Levels:           3  (IBUF=1 LUT3=1 OBUF=1)

    Location             Delay type                Incr(ns)  Path(ns)    Netlist Resource(s)
  -------------------------------------------------------------------    -------------------
    U15                                               0.000     0.000 r  sel[0] (IN)
                         net (fo=0)                   0.000     0.000    sel[0]
    U15                  IBUF (Prop_ibuf_I_O)         0.174     0.174 r  sel_IBUF[0]_inst/O
                         net (fo=4, routed)           0.347     0.521    sel_IBUF[0]
    SLICE_X0Y4           LUT3 (Prop_lut3_I1_O)        0.045     0.566 r  y1_OBUF_inst_i_1/O
                         net (fo=1, routed)           0.357     0.923    y1_OBUF
    W15                  OBUF (Prop_obuf_I_O)         1.116     2.038 r  y1_OBUF_inst/O
                         net (fo=0)                   0.000     2.038    y1
    W15                                                               r  y1 (OUT)
  -------------------------------------------------------------------    -------------------

Slack:                    inf
  Source:                 din[2]
                            (input port)
  Destination:            y2
                            (output port)
  Path Group:             (none)
  Path Type:              Min at Fast Process Corner
  Data Path Delay:        2.125ns  (logic 1.339ns (63.011%)  route 0.786ns (36.989%))
  Logic Levels:           3  (IBUF=1 LUT3=1 OBUF=1)

    Location             Delay type                Incr(ns)  Path(ns)    Netlist Resource(s)
  -------------------------------------------------------------------    -------------------
    V13                                               0.000     0.000 r  din[2] (IN)
                         net (fo=0)                   0.000     0.000    din[2]
    V13                  IBUF (Prop_ibuf_I_O)         0.163     0.163 r  din_IBUF[2]_inst/O
                         net (fo=1, routed)           0.372     0.535    din_IBUF[2]
    SLICE_X0Y4           LUT3 (Prop_lut3_I1_O)        0.045     0.580 r  y2_OBUF_inst_i_1/O
                         net (fo=1, routed)           0.414     0.995    y2_OBUF
    V15                  OBUF (Prop_obuf_I_O)         1.131     2.125 r  y2_OBUF_inst/O
                         net (fo=0)                   0.000     2.125    y2
    V15                                                               r  y2 (OUT)
  -------------------------------------------------------------------    -------------------

Slack:                    inf
  Source:                 sel[0]
                            (input port)
  Destination:            y0
                            (output port)
  Path Group:             (none)
  Path Type:              Min at Fast Process Corner
  Data Path Delay:        2.149ns  (logic 1.407ns (65.490%)  route 0.742ns (34.510%))
  Logic Levels:           3  (IBUF=1 LUT3=1 OBUF=1)

    Location             Delay type                Incr(ns)  Path(ns)    Netlist Resource(s)
  -------------------------------------------------------------------    -------------------
    U15                                               0.000     0.000 f  sel[0] (IN)
                         net (fo=0)                   0.000     0.000    sel[0]
    U15                  IBUF (Prop_ibuf_I_O)         0.174     0.174 f  sel_IBUF[0]_inst/O
                         net (fo=4, routed)           0.347     0.521    sel_IBUF[0]
    SLICE_X0Y4           LUT3 (Prop_lut3_I0_O)        0.048     0.569 r  y0_OBUF_inst_i_1/O
                         net (fo=1, routed)           0.394     0.963    y0_OBUF
    W13                  OBUF (Prop_obuf_I_O)         1.186     2.149 r  y0_OBUF_inst/O
                         net (fo=0)                   0.000     2.149    y0
    W13                                                               r  y0 (OUT)
  -------------------------------------------------------------------    -------------------

Slack:                    inf
  Source:                 sel[0]
                            (input port)
  Destination:            y3
                            (output port)
  Path Group:             (none)
  Path Type:              Min at Fast Process Corner
  Data Path Delay:        2.224ns  (logic 1.397ns (62.826%)  route 0.827ns (37.174%))
  Logic Levels:           3  (IBUF=1 LUT3=1 OBUF=1)

    Location             Delay type                Incr(ns)  Path(ns)    Netlist Resource(s)
  -------------------------------------------------------------------    -------------------
    U15                                               0.000     0.000 r  sel[0] (IN)
                         net (fo=0)                   0.000     0.000    sel[0]
    U15                  IBUF (Prop_ibuf_I_O)         0.174     0.174 r  sel_IBUF[0]_inst/O
                         net (fo=4, routed)           0.409     0.582    sel_IBUF[0]
    SLICE_X0Y4           LUT3 (Prop_lut3_I2_O)        0.043     0.625 r  y3_OBUF_inst_i_1/O
                         net (fo=1, routed)           0.418     1.043    y3_OBUF
    W17                  OBUF (Prop_obuf_I_O)         1.180     2.224 r  y3_OBUF_inst/O
                         net (fo=0)                   0.000     2.224    y3
    W17                                                               r  y3 (OUT)
  -------------------------------------------------------------------    -------------------





