
*** Running vivado
    with args -log top_basys3_oled_adder.vds -m64 -product Vivado -mode batch -messageDb vivado.pb -notrace -source top_basys3_oled_adder.tcl



****** Vivado v2024.1 (64-bit)
  **** SW Build 5076996 on Wed May 22 18:37:14 MDT 2024
  **** IP Build 5075265 on Wed May 22 21:45:21 MDT 2024
  **** SharedData Build 5076995 on Wed May 22 18:29:18 MDT 2024
  **** Start of session at: Tue Aug 12 22:16:11 2025
    ** Copyright 1986-2022 Xilinx, Inc. All Rights Reserved.
    ** Copyright 2022-2024 Advanced Micro Devices, Inc. All Rights Reserved.

source top_basys3_oled_adder.tcl -notrace
create_project: Time (s): cpu = 00:00:05 ; elapsed = 00:00:07 . Memory (MB): peak = 499.691 ; gain = 200.922
Command: read_checkpoint -auto_incremental -incremental {D:/New folder/vivado_proj/project_4_oled/project_4_oled.srcs/utils_1/imports/synth_1/top_basys3_oled_adder.dcp}
INFO: [Vivado 12-5825] Read reference checkpoint from D:/New folder/vivado_proj/project_4_oled/project_4_oled.srcs/utils_1/imports/synth_1/top_basys3_oled_adder.dcp for incremental synthesis
INFO: [Vivado 12-7989] Please ensure there are no constraint changes
Command: synth_design -top top_basys3_oled_adder -part xc7a35tcpg236-1
Starting synth_design
Attempting to get a license for feature 'Synthesis' and/or device 'xc7a35t'
INFO: [Common 17-349] Got license for feature 'Synthesis' and/or device 'xc7a35t'
INFO: [Device 21-403] Loading part xc7a35tcpg236-1
INFO: [Device 21-9227] Part: xc7a35tcpg236-1 does not have CEAM library.
INFO: [Designutils 20-5440] No compile time benefit to using incremental synthesis; A full resynthesis will be run
INFO: [Designutils 20-4379] Flow is switching to default flow due to incremental criteria not met. If you would like to alter this behaviour and have the flow terminate instead, please set the following parameter config_implementation {autoIncr.Synth.RejectBehavior Terminate}
INFO: [Synth 8-7079] Multithreading enabled for synth_design using a maximum of 2 processes.
INFO: [Synth 8-7078] Launching helper process for spawning children vivado processes
INFO: [Synth 8-7075] Helper process launched with PID 22092
---------------------------------------------------------------------------------
Starting RTL Elaboration : Time (s): cpu = 00:00:04 ; elapsed = 00:00:06 . Memory (MB): peak = 1354.828 ; gain = 450.504
---------------------------------------------------------------------------------
INFO: [Synth 8-6157] synthesizing module 'top_basys3_oled_adder' [D:/New folder/vivado_proj/project_4_oled/project_4_oled.srcs/sources_1/new/top_basys3_oled_adder.v:8]
INFO: [Synth 8-6157] synthesizing module 'spi_byte_master' [D:/New folder/vivado_proj/project_4_oled/project_4_oled.srcs/sources_1/new/spi_byte_master.v:7]
	Parameter CPOL bound to: 0 - type: integer 
	Parameter CPHA bound to: 0 - type: integer 
INFO: [Synth 8-6155] done synthesizing module 'spi_byte_master' (0#1) [D:/New folder/vivado_proj/project_4_oled/project_4_oled.srcs/sources_1/new/spi_byte_master.v:7]
INFO: [Synth 8-226] default block is never used [D:/New folder/vivado_proj/project_4_oled/project_4_oled.srcs/sources_1/new/top_basys3_oled_adder.v:305]
INFO: [Synth 8-6155] done synthesizing module 'top_basys3_oled_adder' (0#1) [D:/New folder/vivado_proj/project_4_oled/project_4_oled.srcs/sources_1/new/top_basys3_oled_adder.v:8]
WARNING: [Synth 8-6014] Unused sequential element clear_px_cnt_reg was removed.  [D:/New folder/vivado_proj/project_4_oled/project_4_oled.srcs/sources_1/new/top_basys3_oled_adder.v:254]
WARNING: [Synth 8-6014] Unused sequential element init_idx_reg was removed.  [D:/New folder/vivado_proj/project_4_oled/project_4_oled.srcs/sources_1/new/top_basys3_oled_adder.v:240]
---------------------------------------------------------------------------------
Finished RTL Elaboration : Time (s): cpu = 00:00:06 ; elapsed = 00:00:07 . Memory (MB): peak = 1471.203 ; gain = 566.879
---------------------------------------------------------------------------------
---------------------------------------------------------------------------------
Start Handling Custom Attributes
---------------------------------------------------------------------------------
---------------------------------------------------------------------------------
Finished Handling Custom Attributes : Time (s): cpu = 00:00:06 ; elapsed = 00:00:07 . Memory (MB): peak = 1471.203 ; gain = 566.879
---------------------------------------------------------------------------------
---------------------------------------------------------------------------------
Finished RTL Optimization Phase 1 : Time (s): cpu = 00:00:06 ; elapsed = 00:00:07 . Memory (MB): peak = 1471.203 ; gain = 566.879
---------------------------------------------------------------------------------
Netlist sorting complete. Time (s): cpu = 00:00:00 ; elapsed = 00:00:00.004 . Memory (MB): peak = 1471.203 ; gain = 0.000
INFO: [Project 1-570] Preparing netlist for logic optimization

Processing XDC Constraints
Initializing timing engine
Parsing XDC File [D:/New folder/vivado_proj/project_4_oled/project_4_oled.srcs/constrs_2/new/constraints.xdc]
Finished Parsing XDC File [D:/New folder/vivado_proj/project_4_oled/project_4_oled.srcs/constrs_2/new/constraints.xdc]
INFO: [Project 1-236] Implementation specific constraints were found while reading constraint file [D:/New folder/vivado_proj/project_4_oled/project_4_oled.srcs/constrs_2/new/constraints.xdc]. These constraints will be ignored for synthesis but will be used in implementation. Impacted constraints are listed in the file [.Xil/top_basys3_oled_adder_propImpl.xdc].
Resolution: To avoid this warning, move constraints listed in [.Xil/top_basys3_oled_adder_propImpl.xdc] to another XDC file and exclude this new file from synthesis with the used_in_synthesis property (File Properties dialog in GUI) and re-run elaboration/synthesis.
Completed Processing XDC Constraints

Netlist sorting complete. Time (s): cpu = 00:00:00 ; elapsed = 00:00:00 . Memory (MB): peak = 1570.352 ; gain = 0.000
INFO: [Project 1-111] Unisim Transformation Summary:
No Unisim elements were transformed.

Constraint Validation Runtime : Time (s): cpu = 00:00:00 ; elapsed = 00:00:00.003 . Memory (MB): peak = 1570.352 ; gain = 0.000
INFO: [Designutils 20-5440] No compile time benefit to using incremental synthesis; A full resynthesis will be run
INFO: [Designutils 20-4379] Flow is switching to default flow due to incremental criteria not met. If you would like to alter this behaviour and have the flow terminate instead, please set the following parameter config_implementation {autoIncr.Synth.RejectBehavior Terminate}
---------------------------------------------------------------------------------
Finished Constraint Validation : Time (s): cpu = 00:00:12 ; elapsed = 00:00:14 . Memory (MB): peak = 1570.352 ; gain = 666.027
---------------------------------------------------------------------------------
---------------------------------------------------------------------------------
Start Loading Part and Timing Information
---------------------------------------------------------------------------------
Loading part: xc7a35tcpg236-1
---------------------------------------------------------------------------------
Finished Loading Part and Timing Information : Time (s): cpu = 00:00:12 ; elapsed = 00:00:14 . Memory (MB): peak = 1570.352 ; gain = 666.027
---------------------------------------------------------------------------------
---------------------------------------------------------------------------------
Start Applying 'set_property' XDC Constraints
---------------------------------------------------------------------------------
---------------------------------------------------------------------------------
Finished applying 'set_property' XDC Constraints : Time (s): cpu = 00:00:12 ; elapsed = 00:00:14 . Memory (MB): peak = 1570.352 ; gain = 666.027
---------------------------------------------------------------------------------
WARNING: [Synth 8-3936] Found unconnected internal register 'shreg_reg' and it is trimmed from '8' to '7' bits. [D:/New folder/vivado_proj/project_4_oled/project_4_oled.srcs/sources_1/new/spi_byte_master.v:34]
INFO: [Synth 8-802] inferred FSM for state register 'state_reg' in module 'top_basys3_oled_adder'
---------------------------------------------------------------------------------------------------
                   State |                     New Encoding |                Previous Encoding 
---------------------------------------------------------------------------------------------------
                  S_RSTL |                          0000001 |                              000
                  S_RSTH |                          0000010 |                              001
                  S_INIT |                          0000100 |                              010
                 S_CLEAR |                          0001000 |                              011
                  S_DRAW |                          0010000 |                              100
                S_UPDATE |                          0100000 |                              110
                  S_IDLE |                          1000000 |                              101
---------------------------------------------------------------------------------------------------
INFO: [Synth 8-3354] encoded FSM with state register 'state_reg' using encoding 'one-hot' in module 'top_basys3_oled_adder'
---------------------------------------------------------------------------------
Finished RTL Optimization Phase 2 : Time (s): cpu = 00:00:12 ; elapsed = 00:00:14 . Memory (MB): peak = 1570.352 ; gain = 666.027
---------------------------------------------------------------------------------
---------------------------------------------------------------------------------
Start RTL Component Statistics 
---------------------------------------------------------------------------------
Detailed RTL Component Info : 
+---Adders : 
	   2 Input   24 Bit       Adders := 1     
	   2 Input   16 Bit       Adders := 1     
	   2 Input    7 Bit       Adders := 3     
	   2 Input    5 Bit       Adders := 1     
	   2 Input    3 Bit       Adders := 2     
+---Registers : 
	               24 Bit    Registers := 1     
	               16 Bit    Registers := 1     
	                8 Bit    Registers := 2     
	                7 Bit    Registers := 4     
	                4 Bit    Registers := 2     
	                3 Bit    Registers := 2     
	                1 Bit    Registers := 8     
+---Muxes : 
	   2 Input    8 Bit        Muxes := 1     
	   7 Input    8 Bit        Muxes := 2     
	   2 Input    7 Bit        Muxes := 3     
	   7 Input    7 Bit        Muxes := 4     
	  16 Input    7 Bit        Muxes := 3     
	   3 Input    4 Bit        Muxes := 1     
	   7 Input    4 Bit        Muxes := 1     
	   2 Input    3 Bit        Muxes := 1     
	   8 Input    3 Bit        Muxes := 1     
	   7 Input    3 Bit        Muxes := 1     
	   2 Input    1 Bit        Muxes := 16    
	   7 Input    1 Bit        Muxes := 13    
	  16 Input    1 Bit        Muxes := 6     
	   8 Input    1 Bit        Muxes := 4     
	   3 Input    1 Bit        Muxes := 1     
---------------------------------------------------------------------------------
Finished RTL Component Statistics 
---------------------------------------------------------------------------------
---------------------------------------------------------------------------------
Start Part Resource Summary
---------------------------------------------------------------------------------
Part Resources:
DSPs: 90 (col length:60)
BRAMs: 100 (col length: RAMB18 60 RAMB36 30)
---------------------------------------------------------------------------------
Finished Part Resource Summary
---------------------------------------------------------------------------------
---------------------------------------------------------------------------------
Start Cross Boundary and Area Optimization
---------------------------------------------------------------------------------
WARNING: [Synth 8-7080] Parallel synthesis criteria is not met
CRITICAL WARNING: [Synth 8-6859] multi-driven net on pin Q with 1st driver pin 'spi_start_reg__0/Q' [D:/New folder/vivado_proj/project_4_oled/project_4_oled.srcs/sources_1/new/top_basys3_oled_adder.v:48]
CRITICAL WARNING: [Synth 8-6859] multi-driven net on pin Q with 2nd driver pin 'GND' [D:/New folder/vivado_proj/project_4_oled/project_4_oled.srcs/sources_1/new/top_basys3_oled_adder.v:48]
CRITICAL WARNING: [Synth 8-6858] multi-driven net Q is connected to at least one constant driver which has been preserved, other driver is ignored [D:/New folder/vivado_proj/project_4_oled/project_4_oled.srcs/sources_1/new/top_basys3_oled_adder.v:48]
---------------------------------------------------------------------------------
Finished Cross Boundary and Area Optimization : Time (s): cpu = 00:00:14 ; elapsed = 00:00:16 . Memory (MB): peak = 1570.352 ; gain = 666.027
---------------------------------------------------------------------------------
---------------------------------------------------------------------------------
Start ROM, RAM, DSP, Shift Register and Retiming Reporting
---------------------------------------------------------------------------------

ROM: Preliminary Mapping Report
+----------------------+------------+---------------+----------------+
|Module Name           | RTL Object | Depth x Width | Implemented As | 
+----------------------+------------+---------------+----------------+
|top_basys3_oled_adder | font8x8    | 128x7         | LUT            | 
|top_basys3_oled_adder | p_0_out    | 128x7         | LUT            | 
+----------------------+------------+---------------+----------------+

---------------------------------------------------------------------------------
Finished ROM, RAM, DSP, Shift Register and Retiming Reporting
---------------------------------------------------------------------------------
---------------------------------------------------------------------------------
Start Applying XDC Timing Constraints
---------------------------------------------------------------------------------
---------------------------------------------------------------------------------
Finished Applying XDC Timing Constraints : Time (s): cpu = 00:00:18 ; elapsed = 00:00:21 . Memory (MB): peak = 1570.352 ; gain = 666.027
---------------------------------------------------------------------------------
---------------------------------------------------------------------------------
Start Timing Optimization
---------------------------------------------------------------------------------
---------------------------------------------------------------------------------
Finished Timing Optimization : Time (s): cpu = 00:00:18 ; elapsed = 00:00:21 . Memory (MB): peak = 1570.352 ; gain = 666.027
---------------------------------------------------------------------------------
---------------------------------------------------------------------------------
Start Technology Mapping
---------------------------------------------------------------------------------
---------------------------------------------------------------------------------
Finished Technology Mapping : Time (s): cpu = 00:00:18 ; elapsed = 00:00:21 . Memory (MB): peak = 1570.352 ; gain = 666.027
---------------------------------------------------------------------------------
---------------------------------------------------------------------------------
Start IO Insertion
---------------------------------------------------------------------------------
---------------------------------------------------------------------------------
Start Flattening Before IO Insertion
---------------------------------------------------------------------------------
---------------------------------------------------------------------------------
Finished Flattening Before IO Insertion
---------------------------------------------------------------------------------
---------------------------------------------------------------------------------
Start Final Netlist Cleanup
---------------------------------------------------------------------------------
---------------------------------------------------------------------------------
Finished Final Netlist Cleanup
---------------------------------------------------------------------------------
---------------------------------------------------------------------------------
Finished IO Insertion : Time (s): cpu = 00:00:21 ; elapsed = 00:00:24 . Memory (MB): peak = 1570.352 ; gain = 666.027
---------------------------------------------------------------------------------
---------------------------------------------------------------------------------
Start Renaming Generated Instances
---------------------------------------------------------------------------------
---------------------------------------------------------------------------------
Finished Renaming Generated Instances : Time (s): cpu = 00:00:21 ; elapsed = 00:00:24 . Memory (MB): peak = 1570.352 ; gain = 666.027
---------------------------------------------------------------------------------
---------------------------------------------------------------------------------
Start Rebuilding User Hierarchy
---------------------------------------------------------------------------------
---------------------------------------------------------------------------------
Finished Rebuilding User Hierarchy : Time (s): cpu = 00:00:21 ; elapsed = 00:00:24 . Memory (MB): peak = 1570.352 ; gain = 666.027
---------------------------------------------------------------------------------
---------------------------------------------------------------------------------
Start Renaming Generated Ports
---------------------------------------------------------------------------------
---------------------------------------------------------------------------------
Finished Renaming Generated Ports : Time (s): cpu = 00:00:21 ; elapsed = 00:00:24 . Memory (MB): peak = 1570.352 ; gain = 666.027
---------------------------------------------------------------------------------
---------------------------------------------------------------------------------
Start Handling Custom Attributes
---------------------------------------------------------------------------------
---------------------------------------------------------------------------------
Finished Handling Custom Attributes : Time (s): cpu = 00:00:21 ; elapsed = 00:00:24 . Memory (MB): peak = 1570.352 ; gain = 666.027
---------------------------------------------------------------------------------
---------------------------------------------------------------------------------
Start Renaming Generated Nets
---------------------------------------------------------------------------------
---------------------------------------------------------------------------------
Finished Renaming Generated Nets : Time (s): cpu = 00:00:21 ; elapsed = 00:00:24 . Memory (MB): peak = 1570.352 ; gain = 666.027
---------------------------------------------------------------------------------
---------------------------------------------------------------------------------
Start Writing Synthesis Report
---------------------------------------------------------------------------------

Report BlackBoxes: 
+-+--------------+----------+
| |BlackBox name |Instances |
+-+--------------+----------+
+-+--------------+----------+

Report Cell Usage: 
+------+-------+------+
|      |Cell   |Count |
+------+-------+------+
|1     |BUFG   |     1|
|2     |CARRY4 |    10|
|3     |LUT1   |    17|
|4     |LUT2   |     8|
|5     |LUT3   |    11|
|6     |LUT4   |    22|
|7     |LUT5   |    12|
|8     |LUT6   |    23|
|9     |FDRE   |    70|
|10    |IBUF   |     1|
|11    |OBUF   |     5|
+------+-------+------+
---------------------------------------------------------------------------------
Finished Writing Synthesis Report : Time (s): cpu = 00:00:21 ; elapsed = 00:00:24 . Memory (MB): peak = 1570.352 ; gain = 666.027
---------------------------------------------------------------------------------
Synthesis finished with 0 errors, 3 critical warnings and 2 warnings.
Synthesis Optimization Runtime : Time (s): cpu = 00:00:15 ; elapsed = 00:00:22 . Memory (MB): peak = 1570.352 ; gain = 566.879
Synthesis Optimization Complete : Time (s): cpu = 00:00:22 ; elapsed = 00:00:24 . Memory (MB): peak = 1570.352 ; gain = 666.027
INFO: [Project 1-571] Translating synthesized netlist
Netlist sorting complete. Time (s): cpu = 00:00:00 ; elapsed = 00:00:00.001 . Memory (MB): peak = 1570.352 ; gain = 0.000
INFO: [Netlist 29-17] Analyzing 10 Unisim elements for replacement
INFO: [Netlist 29-28] Unisim Transformation completed in 0 CPU seconds
INFO: [Project 1-570] Preparing netlist for logic optimization
INFO: [Opt 31-138] Pushed 0 inverter(s) to 0 load pin(s).
Netlist sorting complete. Time (s): cpu = 00:00:00 ; elapsed = 00:00:00 . Memory (MB): peak = 1570.352 ; gain = 0.000
INFO: [Project 1-111] Unisim Transformation Summary:
No Unisim elements were transformed.

Synth Design complete | Checksum: 43334cea
INFO: [Common 17-83] Releasing license: Synthesis
29 Infos, 4 Warnings, 3 Critical Warnings and 0 Errors encountered.
synth_design completed successfully
synth_design: Time (s): cpu = 00:00:27 ; elapsed = 00:00:44 . Memory (MB): peak = 1570.352 ; gain = 1065.754
INFO: [runtcl-6] Synthesis results are not added to the cache due to CRITICAL_WARNING
Write ShapeDB Complete: Time (s): cpu = 00:00:00 ; elapsed = 00:00:00.001 . Memory (MB): peak = 1570.352 ; gain = 0.000
INFO: [Common 17-1381] The checkpoint 'D:/New folder/vivado_proj/project_4_oled/project_4_oled.runs/synth_1/top_basys3_oled_adder.dcp' has been generated.
INFO: [Vivado 12-24828] Executing command : report_utilization -file top_basys3_oled_adder_utilization_synth.rpt -pb top_basys3_oled_adder_utilization_synth.pb
INFO: [Common 17-206] Exiting Vivado at Tue Aug 12 22:17:04 2025...
